[     141ms] [INFO] %cDownload the React DevTools for a better development experience: https://fb.me/react-devtools font-weight:bold @ http://localhost:3000/static/js/bundle.js:40203
[     148ms] [LOG] %c * Tone.js r12-dev *  background: #000; color: #fff @ http://localhost:3000/static/js/bundle.js:60048
[     171ms] [WARNING] The AudioContext was not allowed to start. It must be resumed (or created) after a user gesture on the page. https://developer.chrome.com/blog/autoplay/#web_audio @ http://localhost:3000/static/js/bundle.js:60685
[     191ms] [WARNING] Warning: componentWillMount has been renamed, and is not recommended for use. See https://fb.me/react-unsafe-component-lifecycles for details.

* Move code with side effects to componentDidMount, and set initial state in the constructor.
* Rename componentWillMount to UNSAFE_componentWillMount to suppress this warning in non-strict mode. In React 17.x, only the UNSAFE_ name will work. To rename all deprecated lifecycles to their new names, you can run `npx react-codemod rename-unsafe-lifecycles` in your project source folder.

Please update the following components: %s BrowserRouter, Route, Router, Switch @ http://localhost:3000/static/js/bundle.js:15297
[     191ms] [WARNING] Warning: componentWillReceiveProps has been renamed, and is not recommended for use. See https://fb.me/react-unsafe-component-lifecycles for details.

* Move data fetching code or side effects to componentDidUpdate.
* If you're updating state whenever props change, refactor your code to use memoization techniques or move it to static getDerivedStateFromProps. Learn more at: https://fb.me/react-derived-state
* Rename componentWillReceiveProps to UNSAFE_componentWillReceiveProps to suppress this warning in non-strict mode. In React 17.x, only the UNSAFE_ name will work. To rename all deprecated lifecycles to their new names, you can run `npx react-codemod rename-unsafe-lifecycles` in your project source folder.

Please update the following components: %s Route, Router, Switch @ http://localhost:3000/static/js/bundle.js:15297
[     191ms] [WARNING] Warning: componentWillUpdate has been renamed, and is not recommended for use. See https://fb.me/react-unsafe-component-lifecycles for details.

* Move data fetching code or side effects to componentDidUpdate.
* Rename componentWillUpdate to UNSAFE_componentWillUpdate to suppress this warning in non-strict mode. In React 17.x, only the UNSAFE_ name will work. To rename all deprecated lifecycles to their new names, you can run `npx react-codemod rename-unsafe-lifecycles` in your project source folder.

Please update the following components: %s Art, Instrument @ http://localhost:3000/static/js/bundle.js:15297
[     223ms] [WARNING] The AudioContext was not allowed to start. It must be resumed (or created) after a user gesture on the page. https://developer.chrome.com/blog/autoplay/#web_audio @ http://localhost:3000/static/js/bundle.js:69332
[     244ms] [ERROR] Warning: Can't perform a React state update on an unmounted component. This is a no-op, but it indicates a memory leak in your application. To fix, cancel all subscriptions and asynchronous tasks in %s.%s the componentWillUnmount method 
    in Audience (at Venue.js:76)
    in div (at Venue.js:54)
    in Venue (created by Route)
    in Route (created by withRouter(Venue))
    in withRouter(Venue) (at App.js:39) @ http://localhost:3000/static/js/bundle.js:42461
[     309ms] [WARNING] Error while trying to use the following icon from the Manifest: http://localhost:3000/favicon.ico (Resource size is not correct - typo in the Manifest?) @ http://localhost:3000/:0
[     930ms] [WARNING] ./src/App.js
  Line 7:  'io' is defined but never used  no-unused-vars @ http://localhost:3000/static/js/bundle.js:15060
[     930ms] [WARNING] ./src/components/Venue/Venue.js
  Line 3:  'API' is defined but never used  no-unused-vars @ http://localhost:3000/static/js/bundle.js:15060
[     930ms] [WARNING] ./src/components/Landing/Landing.js
  Line 2:   'API' is defined but never used                                                                            no-unused-vars
  Line 15:  img elements must have an alt prop, either with meaningful text, or an empty string for decorative images  jsx-a11y/alt-text @ http://localhost:3000/static/js/bundle.js:15060
[     930ms] [WARNING] ./src/components/Venue/Stage/Stage.js
  Line 4:  'audioURLS' is assigned a value but never used  no-unused-vars @ http://localhost:3000/static/js/bundle.js:15060
[     930ms] [WARNING] ./src/components/Venue/Stage/Instruments/Instrument.js
  Line 40:  Expected an assignment or function call and instead saw an expression  no-unused-expressions @ http://localhost:3000/static/js/bundle.js:15060
[     930ms] [WARNING] There were more warnings in other files.
You can find a complete log in the terminal. @ http://localhost:3000/static/js/bundle.js:15054
