[   17862ms] [INFO] %cDownload the React DevTools for a better development experience: https://fb.me/react-devtools font-weight:bold @ http://localhost:3000/static/js/bundle.js:40203
[   17868ms] [LOG] %c * Tone.js r12-dev *  background: #000; color: #fff @ http://localhost:3000/static/js/bundle.js:60048
[   17886ms] [WARNING] The AudioContext was not allowed to start. It must be resumed (or created) after a user gesture on the page. https://developer.chrome.com/blog/autoplay/#web_audio @ http://localhost:3000/static/js/bundle.js:60685
[   17901ms] [WARNING] Warning: componentWillMount has been renamed, and is not recommended for use. See https://fb.me/react-unsafe-component-lifecycles for details.

* Move code with side effects to componentDidMount, and set initial state in the constructor.
* Rename componentWillMount to UNSAFE_componentWillMount to suppress this warning in non-strict mode. In React 17.x, only the UNSAFE_ name will work. To rename all deprecated lifecycles to their new names, you can run `npx react-codemod rename-unsafe-lifecycles` in your project source folder.

Please update the following components: %s BrowserRouter, Route, Router, Switch @ http://localhost:3000/static/js/bundle.js:15297
[   17901ms] [WARNING] Warning: componentWillReceiveProps has been renamed, and is not recommended for use. See https://fb.me/react-unsafe-component-lifecycles for details.

* Move data fetching code or side effects to componentDidUpdate.
* If you're updating state whenever props change, refactor your code to use memoization techniques or move it to static getDerivedStateFromProps. Learn more at: https://fb.me/react-derived-state
* Rename componentWillReceiveProps to UNSAFE_componentWillReceiveProps to suppress this warning in non-strict mode. In React 17.x, only the UNSAFE_ name will work. To rename all deprecated lifecycles to their new names, you can run `npx react-codemod rename-unsafe-lifecycles` in your project source folder.

Please update the following components: %s Route, Router, Switch @ http://localhost:3000/static/js/bundle.js:15297
[   17960ms] [WARNING] Error while trying to use the following icon from the Manifest: http://localhost:3000/favicon.ico (Resource size is not correct - typo in the Manifest?) @ http://localhost:3000/:0
[   18597ms] [WARNING] ./src/App.js
  Line 7:  'io' is defined but never used  no-unused-vars @ http://localhost:3000/static/js/bundle.js:15060
[   18597ms] [WARNING] ./src/components/Landing/Landing.js
  Line 2:   'API' is defined but never used                                                                            no-unused-vars
  Line 15:  img elements must have an alt prop, either with meaningful text, or an empty string for decorative images  jsx-a11y/alt-text @ http://localhost:3000/static/js/bundle.js:15060
[   18597ms] [WARNING] ./src/components/Login/Login.js
  Line 63:  img elements must have an alt prop, either with meaningful text, or an empty string for decorative images  jsx-a11y/alt-text @ http://localhost:3000/static/js/bundle.js:15060
[   18597ms] [WARNING] ./src/components/Venue/Venue.js
  Line 3:  'API' is defined but never used  no-unused-vars @ http://localhost:3000/static/js/bundle.js:15060
[   18597ms] [WARNING] ./src/components/Venue/Stage/Stage.js
  Line 4:  'audioURLS' is assigned a value but never used  no-unused-vars @ http://localhost:3000/static/js/bundle.js:15060
[   18597ms] [WARNING] There were more warnings in other files.
You can find a complete log in the terminal. @ http://localhost:3000/static/js/bundle.js:15054
[  257960ms] [ERROR] WebSocket connection to 'ws://localhost:3000/socket.io/?EIO=3&transport=websocket&sid=_sZ2SnteP-IF0RrHAAAF' failed: WebSocket opening handshake timed out @ http://localhost:3000/static/js/bundle.js:8091
[  257961ms] [ERROR] WebSocket connection to 'ws://localhost:3000/sockjs-node/288/0vvdi5bu/websocket' failed: WebSocket opening handshake timed out @ http://localhost:3000/static/js/bundle.js:56426
[  370510ms] [INFO] %cDownload the React DevTools for a better development experience: https://fb.me/react-devtools font-weight:bold @ http://localhost:3000/static/js/bundle.js:40203
[  370518ms] [LOG] %c * Tone.js r12-dev *  background: #000; color: #fff @ http://localhost:3000/static/js/bundle.js:60048
[  370542ms] [WARNING] The AudioContext was not allowed to start. It must be resumed (or created) after a user gesture on the page. https://developer.chrome.com/blog/autoplay/#web_audio @ http://localhost:3000/static/js/bundle.js:60685
[  370566ms] [WARNING] Warning: componentWillMount has been renamed, and is not recommended for use. See https://fb.me/react-unsafe-component-lifecycles for details.

* Move code with side effects to componentDidMount, and set initial state in the constructor.
* Rename componentWillMount to UNSAFE_componentWillMount to suppress this warning in non-strict mode. In React 17.x, only the UNSAFE_ name will work. To rename all deprecated lifecycles to their new names, you can run `npx react-codemod rename-unsafe-lifecycles` in your project source folder.

Please update the following components: %s BrowserRouter, Route, Router, Switch @ http://localhost:3000/static/js/bundle.js:15297
[  370566ms] [WARNING] Warning: componentWillReceiveProps has been renamed, and is not recommended for use. See https://fb.me/react-unsafe-component-lifecycles for details.

* Move data fetching code or side effects to componentDidUpdate.
* If you're updating state whenever props change, refactor your code to use memoization techniques or move it to static getDerivedStateFromProps. Learn more at: https://fb.me/react-derived-state
* Rename componentWillReceiveProps to UNSAFE_componentWillReceiveProps to suppress this warning in non-strict mode. In React 17.x, only the UNSAFE_ name will work. To rename all deprecated lifecycles to their new names, you can run `npx react-codemod rename-unsafe-lifecycles` in your project source folder.

Please update the following components: %s Route, Router, Switch @ http://localhost:3000/static/js/bundle.js:15297
[  370657ms] [WARNING] Error while trying to use the following icon from the Manifest: http://localhost:3000/favicon.ico (Resource size is not correct - typo in the Manifest?) @ http://localhost:3000/:0
[  371247ms] [WARNING] ./src/App.js
  Line 7:  'io' is defined but never used  no-unused-vars @ http://localhost:3000/static/js/bundle.js:15060
[  371247ms] [WARNING] ./src/components/Login/Login.js
  Line 63:  img elements must have an alt prop, either with meaningful text, or an empty string for decorative images  jsx-a11y/alt-text @ http://localhost:3000/static/js/bundle.js:15060
[  371248ms] [WARNING] ./src/components/Venue/Venue.js
  Line 3:  'API' is defined but never used  no-unused-vars @ http://localhost:3000/static/js/bundle.js:15060
[  371248ms] [WARNING] ./src/components/Venue/Stage/Stage.js
  Line 4:  'audioURLS' is assigned a value but never used  no-unused-vars @ http://localhost:3000/static/js/bundle.js:15060
[  371248ms] [WARNING] ./src/components/Venue/Stage/Instruments/Instrument.js
  Line 40:  Expected an assignment or function call and instead saw an expression  no-unused-expressions @ http://localhost:3000/static/js/bundle.js:15060
[  371248ms] [WARNING] There were more warnings in other files.
You can find a complete log in the terminal. @ http://localhost:3000/static/js/bundle.js:15054
[  376850ms] [WARNING] ./src/App.js
  Line 7:  'io' is defined but never used  no-unused-vars @ http://localhost:3000/static/js/bundle.js:15060
[  376850ms] [WARNING] ./src/components/Landing/Landing.js
  Line 2:   'API' is defined but never used                                                                            no-unused-vars
  Line 15:  img elements must have an alt prop, either with meaningful text, or an empty string for decorative images  jsx-a11y/alt-text @ http://localhost:3000/static/js/bundle.js:15060
[  376850ms] [WARNING] ./src/components/Login/Login.js
  Line 63:  img elements must have an alt prop, either with meaningful text, or an empty string for decorative images  jsx-a11y/alt-text @ http://localhost:3000/static/js/bundle.js:15060
[  376850ms] [WARNING] ./src/components/Venue/Venue.js
  Line 3:  'API' is defined but never used  no-unused-vars @ http://localhost:3000/static/js/bundle.js:15060
[  376850ms] [WARNING] ./src/components/Venue/Stage/Stage.js
  Line 4:  'audioURLS' is assigned a value but never used  no-unused-vars @ http://localhost:3000/static/js/bundle.js:15060
[  376850ms] [WARNING] There were more warnings in other files.
You can find a complete log in the terminal. @ http://localhost:3000/static/js/bundle.js:15054
[  433645ms] [WARNING] ./src/App.js
  Line 7:  'io' is defined but never used  no-unused-vars @ http://localhost:3000/static/js/bundle.js:15060
[  433645ms] [WARNING] ./src/components/Landing/Landing.js
  Line 2:   'API' is defined but never used                                                                            no-unused-vars
  Line 15:  img elements must have an alt prop, either with meaningful text, or an empty string for decorative images  jsx-a11y/alt-text @ http://localhost:3000/static/js/bundle.js:15060
[  433645ms] [WARNING] ./src/components/Login/Login.js
  Line 63:  img elements must have an alt prop, either with meaningful text, or an empty string for decorative images  jsx-a11y/alt-text @ http://localhost:3000/static/js/bundle.js:15060
[  433645ms] [WARNING] ./src/components/Venue/Venue.js
  Line 3:  'API' is defined but never used  no-unused-vars @ http://localhost:3000/static/js/bundle.js:15060
[  433645ms] [WARNING] ./src/components/Venue/Stage/Stage.js
  Line 4:  'audioURLS' is assigned a value but never used  no-unused-vars @ http://localhost:3000/static/js/bundle.js:15060
[  433645ms] [WARNING] There were more warnings in other files.
You can find a complete log in the terminal. @ http://localhost:3000/static/js/bundle.js:15054
[  610661ms] [ERROR] WebSocket connection to 'ws://localhost:3000/socket.io/?EIO=3&transport=websocket&sid=fmdtLPn6mAAPpf6fAAAH' failed: WebSocket opening handshake timed out @ http://localhost:3000/static/js/bundle.js:8091
[  610661ms] [ERROR] WebSocket connection to 'ws://localhost:3000/sockjs-node/961/l4yuo5m3/websocket' failed: WebSocket opening handshake timed out @ http://localhost:3000/static/js/bundle.js:56426
[  618141ms] [WARNING] ./src/App.js
  Line 7:  'io' is defined but never used  no-unused-vars @ http://localhost:3000/static/js/bundle.js:15060
[  618141ms] [WARNING] ./src/components/Landing/Landing.js
  Line 2:   'API' is defined but never used                                                                            no-unused-vars
  Line 15:  img elements must have an alt prop, either with meaningful text, or an empty string for decorative images  jsx-a11y/alt-text @ http://localhost:3000/static/js/bundle.js:15060
[  618141ms] [WARNING] ./src/components/Login/Login.js
  Line 63:  img elements must have an alt prop, either with meaningful text, or an empty string for decorative images  jsx-a11y/alt-text @ http://localhost:3000/static/js/bundle.js:15060
[  618141ms] [WARNING] ./src/components/Venue/Venue.js
  Line 3:  'API' is defined but never used  no-unused-vars @ http://localhost:3000/static/js/bundle.js:15060
[  618142ms] [WARNING] ./src/components/Venue/Stage/Stage.js
  Line 4:  'audioURLS' is assigned a value but never used  no-unused-vars @ http://localhost:3000/static/js/bundle.js:15060
[  618142ms] [WARNING] There were more warnings in other files.
You can find a complete log in the terminal. @ http://localhost:3000/static/js/bundle.js:15054
[  934370ms] [WARNING] ./src/App.js
  Line 7:  'io' is defined but never used  no-unused-vars @ http://localhost:3000/static/js/bundle.js:15060
[  934370ms] [WARNING] ./src/components/Landing/Landing.js
  Line 2:   'API' is defined but never used                                                                            no-unused-vars
  Line 15:  img elements must have an alt prop, either with meaningful text, or an empty string for decorative images  jsx-a11y/alt-text @ http://localhost:3000/static/js/bundle.js:15060
[  934370ms] [WARNING] ./src/components/Login/Login.js
  Line 63:  img elements must have an alt prop, either with meaningful text, or an empty string for decorative images  jsx-a11y/alt-text @ http://localhost:3000/static/js/bundle.js:15060
[  934370ms] [WARNING] ./src/components/Venue/Venue.js
  Line 3:  'API' is defined but never used  no-unused-vars @ http://localhost:3000/static/js/bundle.js:15060
[  934370ms] [WARNING] ./src/components/Venue/Stage/Stage.js
  Line 4:  'audioURLS' is assigned a value but never used  no-unused-vars @ http://localhost:3000/static/js/bundle.js:15060
[  934370ms] [WARNING] There were more warnings in other files.
You can find a complete log in the terminal. @ http://localhost:3000/static/js/bundle.js:15054
[  993480ms] [INFO] %cDownload the React DevTools for a better development experience: https://fb.me/react-devtools font-weight:bold @ http://localhost:3000/static/js/bundle.js:40203
[  993486ms] [LOG] %c * Tone.js r12-dev *  background: #000; color: #fff @ http://localhost:3000/static/js/bundle.js:60048
[  993506ms] [WARNING] The AudioContext was not allowed to start. It must be resumed (or created) after a user gesture on the page. https://developer.chrome.com/blog/autoplay/#web_audio @ http://localhost:3000/static/js/bundle.js:60685
[  993528ms] [WARNING] Warning: componentWillMount has been renamed, and is not recommended for use. See https://fb.me/react-unsafe-component-lifecycles for details.

* Move code with side effects to componentDidMount, and set initial state in the constructor.
* Rename componentWillMount to UNSAFE_componentWillMount to suppress this warning in non-strict mode. In React 17.x, only the UNSAFE_ name will work. To rename all deprecated lifecycles to their new names, you can run `npx react-codemod rename-unsafe-lifecycles` in your project source folder.

Please update the following components: %s BrowserRouter, Route, Router, Switch @ http://localhost:3000/static/js/bundle.js:15297
[  993528ms] [WARNING] Warning: componentWillReceiveProps has been renamed, and is not recommended for use. See https://fb.me/react-unsafe-component-lifecycles for details.

* Move data fetching code or side effects to componentDidUpdate.
* If you're updating state whenever props change, refactor your code to use memoization techniques or move it to static getDerivedStateFromProps. Learn more at: https://fb.me/react-derived-state
* Rename componentWillReceiveProps to UNSAFE_componentWillReceiveProps to suppress this warning in non-strict mode. In React 17.x, only the UNSAFE_ name will work. To rename all deprecated lifecycles to their new names, you can run `npx react-codemod rename-unsafe-lifecycles` in your project source folder.

Please update the following components: %s Route, Router, Switch @ http://localhost:3000/static/js/bundle.js:15297
[  993571ms] [WARNING] Error while trying to use the following icon from the Manifest: http://localhost:3000/favicon.ico (Resource size is not correct - typo in the Manifest?) @ http://localhost:3000/:0
[  994214ms] [WARNING] ./src/App.js
  Line 7:  'io' is defined but never used  no-unused-vars @ http://localhost:3000/static/js/bundle.js:15060
[  994214ms] [WARNING] ./src/components/Landing/Landing.js
  Line 2:   'API' is defined but never used                                                                            no-unused-vars
  Line 15:  img elements must have an alt prop, either with meaningful text, or an empty string for decorative images  jsx-a11y/alt-text @ http://localhost:3000/static/js/bundle.js:15060
[  994214ms] [WARNING] ./src/components/Login/Login.js
  Line 63:  img elements must have an alt prop, either with meaningful text, or an empty string for decorative images  jsx-a11y/alt-text @ http://localhost:3000/static/js/bundle.js:15060
[  994214ms] [WARNING] ./src/components/Venue/Venue.js
  Line 3:  'API' is defined but never used  no-unused-vars @ http://localhost:3000/static/js/bundle.js:15060
[  994214ms] [WARNING] ./src/components/Venue/Stage/Stage.js
  Line 4:  'audioURLS' is assigned a value but never used  no-unused-vars @ http://localhost:3000/static/js/bundle.js:15060
[  994214ms] [WARNING] There were more warnings in other files.
You can find a complete log in the terminal. @ http://localhost:3000/static/js/bundle.js:15054
[ 1233576ms] [ERROR] WebSocket connection to 'ws://localhost:3000/socket.io/?EIO=3&transport=websocket&sid=PXLD6xTyarbhhY9GAAAN' failed: WebSocket opening handshake timed out @ http://localhost:3000/static/js/bundle.js:8091
[ 1233577ms] [ERROR] WebSocket connection to 'ws://localhost:3000/sockjs-node/225/2r1s5u0m/websocket' failed: WebSocket opening handshake timed out @ http://localhost:3000/static/js/bundle.js:56426
[ 1352443ms] [INFO] The development server has disconnected.
Refresh the page if necessary. @ http://localhost:3000/static/js/bundle.js:14998
[ 1352463ms] [ERROR] Failed to load resource: net::ERR_EMPTY_RESPONSE @ http://localhost:3000/socket.io/?EIO=3&transport=polling&t=P_jBWI6&sid=PXLD6xTyarbhhY9GAAAN:0
[ 1352464ms] [ERROR] Failed to load resource: net::ERR_CONNECTION_REFUSED @ http://localhost:3000/socket.io/?EIO=3&transport=polling&t=P_jBYRj&sid=PXLD6xTyarbhhY9GAAAN:0
[ 1353634ms] [ERROR] Failed to load resource: net::ERR_CONNECTION_REFUSED @ http://localhost:3000/socket.io/?EIO=3&transport=polling&t=P_jBYj-:0
[ 1356601ms] [ERROR] Failed to load resource: net::ERR_CONNECTION_REFUSED @ http://localhost:3000/socket.io/?EIO=3&transport=polling&t=P_jBZSH:0
[ 1361609ms] [ERROR] Failed to load resource: net::ERR_CONNECTION_REFUSED @ http://localhost:3000/socket.io/?EIO=3&transport=polling&t=P_jBagV:0
[ 1366615ms] [ERROR] Failed to load resource: net::ERR_CONNECTION_REFUSED @ http://localhost:3000/socket.io/?EIO=3&transport=polling&t=P_jBbul:0
[ 1371617ms] [ERROR] Failed to load resource: net::ERR_CONNECTION_REFUSED @ http://localhost:3000/socket.io/?EIO=3&transport=polling&t=P_jBd6z:0
[ 1376618ms] [ERROR] Failed to load resource: net::ERR_CONNECTION_REFUSED @ http://localhost:3000/socket.io/?EIO=3&transport=polling&t=P_jBeL6:0
[ 1381625ms] [ERROR] Failed to load resource: net::ERR_CONNECTION_REFUSED @ http://localhost:3000/socket.io/?EIO=3&transport=polling&t=P_jBfZH:0
[ 1386631ms] [ERROR] Failed to load resource: net::ERR_CONNECTION_REFUSED @ http://localhost:3000/socket.io/?EIO=3&transport=polling&t=P_jBgnW:0
[ 1391634ms] [ERROR] Failed to load resource: net::ERR_CONNECTION_REFUSED @ http://localhost:3000/socket.io/?EIO=3&transport=polling&t=P_jBh_j:0
[ 1396637ms] [ERROR] Failed to load resource: net::ERR_CONNECTION_REFUSED @ http://localhost:3000/socket.io/?EIO=3&transport=polling&t=P_jBjDv:0
[ 1401643ms] [ERROR] Failed to load resource: net::ERR_CONNECTION_REFUSED @ http://localhost:3000/socket.io/?EIO=3&transport=polling&t=P_jBkS5:0
[ 1406649ms] [ERROR] Failed to load resource: net::ERR_CONNECTION_REFUSED @ http://localhost:3000/socket.io/?EIO=3&transport=polling&t=P_jBlgJ:0
[ 1411655ms] [ERROR] Failed to load resource: net::ERR_CONNECTION_REFUSED @ http://localhost:3000/socket.io/?EIO=3&transport=polling&t=P_jBmuW:0
[ 1416660ms] [ERROR] Failed to load resource: net::ERR_CONNECTION_REFUSED @ http://localhost:3000/socket.io/?EIO=3&transport=polling&t=P_jBo6j:0
[ 1421664ms] [ERROR] Failed to load resource: net::ERR_CONNECTION_REFUSED @ http://localhost:3000/socket.io/?EIO=3&transport=polling&t=P_jBpKx:0
[ 1426667ms] [ERROR] Failed to load resource: net::ERR_CONNECTION_REFUSED @ http://localhost:3000/socket.io/?EIO=3&transport=polling&t=P_jBqZ7:0
[ 1431673ms] [ERROR] Failed to load resource: net::ERR_CONNECTION_REFUSED @ http://localhost:3000/socket.io/?EIO=3&transport=polling&t=P_jBrnH:0
[ 1436679ms] [ERROR] Failed to load resource: net::ERR_CONNECTION_REFUSED @ http://localhost:3000/socket.io/?EIO=3&transport=polling&t=P_jBs_X:0
[ 1441683ms] [ERROR] Failed to load resource: net::ERR_CONNECTION_REFUSED @ http://localhost:3000/socket.io/?EIO=3&transport=polling&t=P_jBuDl:0
[ 1446690ms] [ERROR] Failed to load resource: net::ERR_CONNECTION_REFUSED @ http://localhost:3000/socket.io/?EIO=3&transport=polling&t=P_jBvRx:0
[ 1451694ms] [ERROR] Failed to load resource: net::ERR_CONNECTION_REFUSED @ http://localhost:3000/socket.io/?EIO=3&transport=polling&t=P_jBwg9:0
[ 1456700ms] [ERROR] Failed to load resource: net::ERR_CONNECTION_REFUSED @ http://localhost:3000/socket.io/?EIO=3&transport=polling&t=P_jBxuM:0
[ 1461704ms] [ERROR] Failed to load resource: net::ERR_CONNECTION_REFUSED @ http://localhost:3000/socket.io/?EIO=3&transport=polling&t=P_jBz6Z:0
[ 1466708ms] [ERROR] Failed to load resource: net::ERR_CONNECTION_REFUSED @ http://localhost:3000/socket.io/?EIO=3&transport=polling&t=P_jB-Kl:0
[ 1471712ms] [ERROR] Failed to load resource: net::ERR_CONNECTION_REFUSED @ http://localhost:3000/socket.io/?EIO=3&transport=polling&t=P_jB_Yw:0
[ 1476717ms] [ERROR] Failed to load resource: net::ERR_CONNECTION_REFUSED @ http://localhost:3000/socket.io/?EIO=3&transport=polling&t=P_jC0n7:0
[ 1481723ms] [ERROR] Failed to load resource: net::ERR_CONNECTION_REFUSED @ http://localhost:3000/socket.io/?EIO=3&transport=polling&t=P_jC1_L:0
[ 1486730ms] [ERROR] Failed to load resource: net::ERR_CONNECTION_REFUSED @ http://localhost:3000/socket.io/?EIO=3&transport=polling&t=P_jC3Da:0
[ 1491744ms] [ERROR] Failed to load resource: net::ERR_CONNECTION_REFUSED @ http://localhost:3000/socket.io/?EIO=3&transport=polling&t=P_jC4Rm:0
[ 1496751ms] [ERROR] Failed to load resource: net::ERR_CONNECTION_REFUSED @ http://localhost:3000/socket.io/?EIO=3&transport=polling&t=P_jC5g9:0
[ 1501756ms] [ERROR] Failed to load resource: net::ERR_CONNECTION_REFUSED @ http://localhost:3000/socket.io/?EIO=3&transport=polling&t=P_jC6uN:0
[ 1506762ms] [ERROR] Failed to load resource: net::ERR_CONNECTION_REFUSED @ http://localhost:3000/socket.io/?EIO=3&transport=polling&t=P_jC86a:0
[ 1511767ms] [ERROR] Failed to load resource: net::ERR_CONNECTION_REFUSED @ http://localhost:3000/socket.io/?EIO=3&transport=polling&t=P_jC9Ko:0
[ 1516773ms] [ERROR] Failed to load resource: net::ERR_CONNECTION_REFUSED @ http://localhost:3000/socket.io/?EIO=3&transport=polling&t=P_jCAY_:0
[ 1521779ms] [ERROR] Failed to load resource: net::ERR_CONNECTION_REFUSED @ http://localhost:3000/socket.io/?EIO=3&transport=polling&t=P_jCBnC:0
[ 1526782ms] [ERROR] Failed to load resource: net::ERR_CONNECTION_REFUSED @ http://localhost:3000/socket.io/?EIO=3&transport=polling&t=P_jCC_Q:0
[ 1531790ms] [ERROR] Failed to load resource: net::ERR_CONNECTION_REFUSED @ http://localhost:3000/socket.io/?EIO=3&transport=polling&t=P_jCEDc:0
[ 1536796ms] [ERROR] Failed to load resource: net::ERR_CONNECTION_REFUSED @ http://localhost:3000/socket.io/?EIO=3&transport=polling&t=P_jCFRs:0
[ 1541801ms] [ERROR] Failed to load resource: net::ERR_CONNECTION_REFUSED @ http://localhost:3000/socket.io/?EIO=3&transport=polling&t=P_jCGg4:0
[ 1546806ms] [ERROR] Failed to load resource: net::ERR_CONNECTION_REFUSED @ http://localhost:3000/socket.io/?EIO=3&transport=polling&t=P_jCHuH:0
[ 1551812ms] [ERROR] Failed to load resource: net::ERR_CONNECTION_REFUSED @ http://localhost:3000/socket.io/?EIO=3&transport=polling&t=P_jCJ6S:0
[ 1556817ms] [ERROR] Failed to load resource: net::ERR_CONNECTION_REFUSED @ http://localhost:3000/socket.io/?EIO=3&transport=polling&t=P_jCKKi:0
[ 1561824ms] [ERROR] Failed to load resource: net::ERR_CONNECTION_REFUSED @ http://localhost:3000/socket.io/?EIO=3&transport=polling&t=P_jCLYx:0
[ 1566829ms] [ERROR] Failed to load resource: net::ERR_CONNECTION_REFUSED @ http://localhost:3000/socket.io/?EIO=3&transport=polling&t=P_jCMn8:0
[ 1571836ms] [ERROR] Failed to load resource: net::ERR_CONNECTION_REFUSED @ http://localhost:3000/socket.io/?EIO=3&transport=polling&t=P_jCN_K:0
[ 1576843ms] [ERROR] Failed to load resource: net::ERR_CONNECTION_REFUSED @ http://localhost:3000/socket.io/?EIO=3&transport=polling&t=P_jCPDb:0
[ 1581850ms] [ERROR] Failed to load resource: net::ERR_CONNECTION_REFUSED @ http://localhost:3000/socket.io/?EIO=3&transport=polling&t=P_jCQRp:0
[ 1586857ms] [ERROR] Failed to load resource: net::ERR_CONNECTION_REFUSED @ http://localhost:3000/socket.io/?EIO=3&transport=polling&t=P_jCRg2:0
[ 1591866ms] [ERROR] Failed to load resource: net::ERR_CONNECTION_REFUSED @ http://localhost:3000/socket.io/?EIO=3&transport=polling&t=P_jCSuI:0
[ 1596872ms] [ERROR] Failed to load resource: net::ERR_CONNECTION_REFUSED @ http://localhost:3000/socket.io/?EIO=3&transport=polling&t=P_jCU6Y:0
[ 1601879ms] [ERROR] Failed to load resource: net::ERR_CONNECTION_REFUSED @ http://localhost:3000/socket.io/?EIO=3&transport=polling&t=P_jCVKm:0
[ 1606885ms] [ERROR] Failed to load resource: net::ERR_CONNECTION_REFUSED @ http://localhost:3000/socket.io/?EIO=3&transport=polling&t=P_jCWY_:0
[ 1611888ms] [ERROR] Failed to load resource: net::ERR_CONNECTION_REFUSED @ http://localhost:3000/socket.io/?EIO=3&transport=polling&t=P_jCXnC:0
[ 1616890ms] [ERROR] Failed to load resource: net::ERR_CONNECTION_REFUSED @ http://localhost:3000/socket.io/?EIO=3&transport=polling&t=P_jCY_N:0
[ 1621895ms] [ERROR] Failed to load resource: net::ERR_CONNECTION_REFUSED @ http://localhost:3000/socket.io/?EIO=3&transport=polling&t=P_jCaDX:0
[ 1626906ms] [ERROR] Failed to load resource: net::ERR_CONNECTION_REFUSED @ http://localhost:3000/socket.io/?EIO=3&transport=polling&t=P_jCbRk:0
[ 1631910ms] [ERROR] Failed to load resource: net::ERR_CONNECTION_REFUSED @ http://localhost:3000/socket.io/?EIO=3&transport=polling&t=P_jCcg1:0
[ 1636915ms] [ERROR] Failed to load resource: net::ERR_CONNECTION_REFUSED @ http://localhost:3000/socket.io/?EIO=3&transport=polling&t=P_jCduD:0
[ 1641920ms] [ERROR] Failed to load resource: net::ERR_CONNECTION_REFUSED @ http://localhost:3000/socket.io/?EIO=3&transport=polling&t=P_jCf6Q:0
[ 1646922ms] [ERROR] Failed to load resource: net::ERR_CONNECTION_REFUSED @ http://localhost:3000/socket.io/?EIO=3&transport=polling&t=P_jCgKc:0
[ 1651926ms] [ERROR] Failed to load resource: net::ERR_CONNECTION_REFUSED @ http://localhost:3000/socket.io/?EIO=3&transport=polling&t=P_jChYo:0
[ 1656931ms] [ERROR] Failed to load resource: net::ERR_CONNECTION_REFUSED @ http://localhost:3000/socket.io/?EIO=3&transport=polling&t=P_jCimz:0
[ 1661935ms] [ERROR] Failed to load resource: net::ERR_CONNECTION_REFUSED @ http://localhost:3000/socket.io/?EIO=3&transport=polling&t=P_jCj_A:0
[ 1666940ms] [ERROR] Failed to load resource: net::ERR_CONNECTION_REFUSED @ http://localhost:3000/socket.io/?EIO=3&transport=polling&t=P_jClDM:0
[ 1671944ms] [ERROR] Failed to load resource: net::ERR_CONNECTION_REFUSED @ http://localhost:3000/socket.io/?EIO=3&transport=polling&t=P_jCmRZ:0
[ 1676951ms] [ERROR] Failed to load resource: net::ERR_CONNECTION_REFUSED @ http://localhost:3000/socket.io/?EIO=3&transport=polling&t=P_jCnfm:0
[ 1681959ms] [ERROR] Failed to load resource: net::ERR_CONNECTION_REFUSED @ http://localhost:3000/socket.io/?EIO=3&transport=polling&t=P_jCot_:0
[ 1686962ms] [ERROR] Failed to load resource: net::ERR_CONNECTION_REFUSED @ http://localhost:3000/socket.io/?EIO=3&transport=polling&t=P_jCq6E:0
[ 1691965ms] [ERROR] Failed to load resource: net::ERR_CONNECTION_REFUSED @ http://localhost:3000/socket.io/?EIO=3&transport=polling&t=P_jCrKP:0
[ 1696968ms] [ERROR] Failed to load resource: net::ERR_CONNECTION_REFUSED @ http://localhost:3000/socket.io/?EIO=3&transport=polling&t=P_jCsYa:0
[ 1701973ms] [ERROR] Failed to load resource: net::ERR_CONNECTION_REFUSED @ http://localhost:3000/socket.io/?EIO=3&transport=polling&t=P_jCtml:0
[ 1706978ms] [ERROR] Failed to load resource: net::ERR_CONNECTION_REFUSED @ http://localhost:3000/socket.io/?EIO=3&transport=polling&t=P_jCu-z:0
[ 1711984ms] [ERROR] Failed to load resource: net::ERR_CONNECTION_REFUSED @ http://localhost:3000/socket.io/?EIO=3&transport=polling&t=P_jCwDA:0
[ 1716990ms] [ERROR] Failed to load resource: net::ERR_CONNECTION_REFUSED @ http://localhost:3000/socket.io/?EIO=3&transport=polling&t=P_jCxRP:0
[ 1721996ms] [ERROR] Failed to load resource: net::ERR_CONNECTION_REFUSED @ http://localhost:3000/socket.io/?EIO=3&transport=polling&t=P_jCyfb:0
[ 1727001ms] [ERROR] Failed to load resource: net::ERR_CONNECTION_REFUSED @ http://localhost:3000/socket.io/?EIO=3&transport=polling&t=P_jCzto:0
[ 1732004ms] [ERROR] Failed to load resource: net::ERR_CONNECTION_REFUSED @ http://localhost:3000/socket.io/?EIO=3&transport=polling&t=P_jC_60:0
[ 1737020ms] [ERROR] Failed to load resource: net::ERR_CONNECTION_REFUSED @ http://localhost:3000/socket.io/?EIO=3&transport=polling&t=P_jD0KF:0
[ 1742027ms] [ERROR] Failed to load resource: net::ERR_CONNECTION_REFUSED @ http://localhost:3000/socket.io/?EIO=3&transport=polling&t=P_jD1Ya:0
[ 1747033ms] [ERROR] Failed to load resource: net::ERR_CONNECTION_REFUSED @ http://localhost:3000/socket.io/?EIO=3&transport=polling&t=P_jD2mo:0
[ 1752038ms] [ERROR] Failed to load resource: net::ERR_CONNECTION_REFUSED @ http://localhost:3000/socket.io/?EIO=3&transport=polling&t=P_jD3_0:0
[ 1757045ms] [ERROR] Failed to load resource: net::ERR_CONNECTION_REFUSED @ http://localhost:3000/socket.io/?EIO=3&transport=polling&t=P_jD5DE:0
[ 1762049ms] [ERROR] Failed to load resource: net::ERR_CONNECTION_REFUSED @ http://localhost:3000/socket.io/?EIO=3&transport=polling&t=P_jD6RS:0
[ 1767054ms] [ERROR] Failed to load resource: net::ERR_CONNECTION_REFUSED @ http://localhost:3000/socket.io/?EIO=3&transport=polling&t=P_jD7fe:0
[ 1772060ms] [ERROR] Failed to load resource: net::ERR_CONNECTION_REFUSED @ http://localhost:3000/socket.io/?EIO=3&transport=polling&t=P_jD8tr:0
[ 1777066ms] [ERROR] Failed to load resource: net::ERR_CONNECTION_REFUSED @ http://localhost:3000/socket.io/?EIO=3&transport=polling&t=P_jDA63:0
[ 1782073ms] [ERROR] Failed to load resource: net::ERR_CONNECTION_REFUSED @ http://localhost:3000/socket.io/?EIO=3&transport=polling&t=P_jDBKH:0
[ 1787081ms] [ERROR] Failed to load resource: net::ERR_CONNECTION_REFUSED @ http://localhost:3000/socket.io/?EIO=3&transport=polling&t=P_jDCYW:0
[ 1792087ms] [ERROR] Failed to load resource: net::ERR_CONNECTION_REFUSED @ http://localhost:3000/socket.io/?EIO=3&transport=polling&t=P_jDDmm:0
[ 1797094ms] [ERROR] Failed to load resource: net::ERR_CONNECTION_REFUSED @ http://localhost:3000/socket.io/?EIO=3&transport=polling&t=P_jDE-_:0
[ 1802098ms] [ERROR] Failed to load resource: net::ERR_CONNECTION_REFUSED @ http://localhost:3000/socket.io/?EIO=3&transport=polling&t=P_jDGDD:0
[ 1807107ms] [ERROR] Failed to load resource: net::ERR_CONNECTION_REFUSED @ http://localhost:3000/socket.io/?EIO=3&transport=polling&t=P_jDHRS:0
[ 1812113ms] [ERROR] Failed to load resource: net::ERR_CONNECTION_REFUSED @ http://localhost:3000/socket.io/?EIO=3&transport=polling&t=P_jDIfg:0
[ 1817119ms] [ERROR] Failed to load resource: net::ERR_CONNECTION_REFUSED @ http://localhost:3000/socket.io/?EIO=3&transport=polling&t=P_jDJtv:0
[ 1822126ms] [ERROR] Failed to load resource: net::ERR_CONNECTION_REFUSED @ http://localhost:3000/socket.io/?EIO=3&transport=polling&t=P_jDL68:0
[ 1827133ms] [ERROR] Failed to load resource: net::ERR_CONNECTION_REFUSED @ http://localhost:3000/socket.io/?EIO=3&transport=polling&t=P_jDMKM:0
[ 1832138ms] [ERROR] Failed to load resource: net::ERR_CONNECTION_REFUSED @ http://localhost:3000/socket.io/?EIO=3&transport=polling&t=P_jDNYZ:0
[ 1837145ms] [ERROR] Failed to load resource: net::ERR_CONNECTION_REFUSED @ http://localhost:3000/socket.io/?EIO=3&transport=polling&t=P_jDOmo:0
[ 1842151ms] [ERROR] Failed to load resource: net::ERR_CONNECTION_REFUSED @ http://localhost:3000/socket.io/?EIO=3&transport=polling&t=P_jDP_0:0
[ 1847158ms] [ERROR] Failed to load resource: net::ERR_CONNECTION_REFUSED @ http://localhost:3000/socket.io/?EIO=3&transport=polling&t=P_jDRDF:0
[ 1852164ms] [ERROR] Failed to load resource: net::ERR_CONNECTION_REFUSED @ http://localhost:3000/socket.io/?EIO=3&transport=polling&t=P_jDSRT:0
[ 1857170ms] [ERROR] Failed to load resource: net::ERR_CONNECTION_REFUSED @ http://localhost:3000/socket.io/?EIO=3&transport=polling&t=P_jDTfi:0
[ 1862176ms] [ERROR] Failed to load resource: net::ERR_CONNECTION_REFUSED @ http://localhost:3000/socket.io/?EIO=3&transport=polling&t=P_jDUtv:0
[ 1867182ms] [ERROR] Failed to load resource: net::ERR_CONNECTION_REFUSED @ http://localhost:3000/socket.io/?EIO=3&transport=polling&t=P_jDW67:0
[ 1872187ms] [ERROR] Failed to load resource: net::ERR_CONNECTION_REFUSED @ http://localhost:3000/socket.io/?EIO=3&transport=polling&t=P_jDXKK:0
[ 1877193ms] [ERROR] Failed to load resource: net::ERR_CONNECTION_REFUSED @ http://localhost:3000/socket.io/?EIO=3&transport=polling&t=P_jDYYZ:0
[ 1882199ms] [ERROR] Failed to load resource: net::ERR_CONNECTION_REFUSED @ http://localhost:3000/socket.io/?EIO=3&transport=polling&t=P_jDZmn:0
[ 1887204ms] [ERROR] Failed to load resource: net::ERR_CONNECTION_REFUSED @ http://localhost:3000/socket.io/?EIO=3&transport=polling&t=P_jDa-_:0
[ 1892211ms] [ERROR] Failed to load resource: net::ERR_CONNECTION_REFUSED @ http://localhost:3000/socket.io/?EIO=3&transport=polling&t=P_jDcDC:0
[ 1897217ms] [ERROR] Failed to load resource: net::ERR_CONNECTION_REFUSED @ http://localhost:3000/socket.io/?EIO=3&transport=polling&t=P_jDdRR:0
[ 1902224ms] [ERROR] Failed to load resource: net::ERR_CONNECTION_REFUSED @ http://localhost:3000/socket.io/?EIO=3&transport=polling&t=P_jDeff:0
[ 1907230ms] [ERROR] Failed to load resource: net::ERR_CONNECTION_REFUSED @ http://localhost:3000/socket.io/?EIO=3&transport=polling&t=P_jDftt:0
[ 1912236ms] [ERROR] Failed to load resource: net::ERR_CONNECTION_REFUSED @ http://localhost:3000/socket.io/?EIO=3&transport=polling&t=P_jDh65:0
[ 1917240ms] [ERROR] Failed to load resource: net::ERR_CONNECTION_REFUSED @ http://localhost:3000/socket.io/?EIO=3&transport=polling&t=P_jDiKJ:0
[ 1922246ms] [ERROR] Failed to load resource: net::ERR_CONNECTION_REFUSED @ http://localhost:3000/socket.io/?EIO=3&transport=polling&t=P_jDjYW:0
[ 1927251ms] [ERROR] Failed to load resource: net::ERR_CONNECTION_REFUSED @ http://localhost:3000/socket.io/?EIO=3&transport=polling&t=P_jDkmi:0
[ 1932266ms] [ERROR] Failed to load resource: net::ERR_CONNECTION_REFUSED @ http://localhost:3000/socket.io/?EIO=3&transport=polling&t=P_jDl-_:0
[ 1937274ms] [ERROR] Failed to load resource: net::ERR_CONNECTION_REFUSED @ http://localhost:3000/socket.io/?EIO=3&transport=polling&t=P_jDnDI:0
[ 1942282ms] [ERROR] Failed to load resource: net::ERR_CONNECTION_REFUSED @ http://localhost:3000/socket.io/?EIO=3&transport=polling&t=P_jDoRZ:0
[ 1947298ms] [ERROR] Failed to load resource: net::ERR_CONNECTION_REFUSED @ http://localhost:3000/socket.io/?EIO=3&transport=polling&t=P_jDpfq:0
[ 1952304ms] [ERROR] Failed to load resource: net::ERR_CONNECTION_REFUSED @ http://localhost:3000/socket.io/?EIO=3&transport=polling&t=P_jDquA:0
[ 1957309ms] [ERROR] Failed to load resource: net::ERR_CONNECTION_REFUSED @ http://localhost:3000/socket.io/?EIO=3&transport=polling&t=P_jDs6O:0
[ 1962314ms] [ERROR] Failed to load resource: net::ERR_CONNECTION_REFUSED @ http://localhost:3000/socket.io/?EIO=3&transport=polling&t=P_jDtKb:0
[ 1967319ms] [ERROR] Failed to load resource: net::ERR_CONNECTION_REFUSED @ http://localhost:3000/socket.io/?EIO=3&transport=polling&t=P_jDuYn:0
[ 1972325ms] [ERROR] Failed to load resource: net::ERR_CONNECTION_REFUSED @ http://localhost:3000/socket.io/?EIO=3&transport=polling&t=P_jDvm-:0
[ 1977330ms] [ERROR] Failed to load resource: net::ERR_CONNECTION_REFUSED @ http://localhost:3000/socket.io/?EIO=3&transport=polling&t=P_jDw_B:0
[ 1982332ms] [ERROR] Failed to load resource: net::ERR_CONNECTION_REFUSED @ http://localhost:3000/socket.io/?EIO=3&transport=polling&t=P_jDyDO:0
[ 1987337ms] [ERROR] Failed to load resource: net::ERR_CONNECTION_REFUSED @ http://localhost:3000/socket.io/?EIO=3&transport=polling&t=P_jDzRa:0
[ 1992343ms] [ERROR] Failed to load resource: net::ERR_CONNECTION_REFUSED @ http://localhost:3000/socket.io/?EIO=3&transport=polling&t=P_jD-fn:0
[ 1997348ms] [ERROR] Failed to load resource: net::ERR_CONNECTION_REFUSED @ http://localhost:3000/socket.io/?EIO=3&transport=polling&t=P_jD_t_:0
[ 2002355ms] [ERROR] Failed to load resource: net::ERR_CONNECTION_REFUSED @ http://localhost:3000/socket.io/?EIO=3&transport=polling&t=P_jE16C:0
[ 2007361ms] [ERROR] Failed to load resource: net::ERR_CONNECTION_REFUSED @ http://localhost:3000/socket.io/?EIO=3&transport=polling&t=P_jE2KR:0
[ 2012374ms] [ERROR] Failed to load resource: net::ERR_CONNECTION_REFUSED @ http://localhost:3000/socket.io/?EIO=3&transport=polling&t=P_jE3Yk:0
[ 2017381ms] [ERROR] Failed to load resource: net::ERR_CONNECTION_REFUSED @ http://localhost:3000/socket.io/?EIO=3&transport=polling&t=P_jE4m_:0
[ 2022387ms] [ERROR] Failed to load resource: net::ERR_CONNECTION_REFUSED @ http://localhost:3000/socket.io/?EIO=3&transport=polling&t=P_jE5_C:0
[ 2027392ms] [ERROR] Failed to load resource: net::ERR_CONNECTION_REFUSED @ http://localhost:3000/socket.io/?EIO=3&transport=polling&t=P_jE7DR:0
[ 2032397ms] [ERROR] Failed to load resource: net::ERR_CONNECTION_REFUSED @ http://localhost:3000/socket.io/?EIO=3&transport=polling&t=P_jE8Rd:0
[ 2037402ms] [ERROR] Failed to load resource: net::ERR_CONNECTION_REFUSED @ http://localhost:3000/socket.io/?EIO=3&transport=polling&t=P_jE9fq:0
[ 2042407ms] [ERROR] Failed to load resource: net::ERR_CONNECTION_REFUSED @ http://localhost:3000/socket.io/?EIO=3&transport=polling&t=P_jEAu2:0
[ 2047411ms] [ERROR] Failed to load resource: net::ERR_CONNECTION_REFUSED @ http://localhost:3000/socket.io/?EIO=3&transport=polling&t=P_jEC6E:0
[ 2052417ms] [ERROR] Failed to load resource: net::ERR_CONNECTION_REFUSED @ http://localhost:3000/socket.io/?EIO=3&transport=polling&t=P_jEDKQ:0
[ 2057423ms] [ERROR] Failed to load resource: net::ERR_CONNECTION_REFUSED @ http://localhost:3000/socket.io/?EIO=3&transport=polling&t=P_jEEYf:0
[ 2062431ms] [ERROR] Failed to load resource: net::ERR_CONNECTION_REFUSED @ http://localhost:3000/socket.io/?EIO=3&transport=polling&t=P_jEFmu:0
[ 2067436ms] [ERROR] Failed to load resource: net::ERR_CONNECTION_REFUSED @ http://localhost:3000/socket.io/?EIO=3&transport=polling&t=P_jEG_6:0
[ 2072443ms] [ERROR] Failed to load resource: net::ERR_CONNECTION_REFUSED @ http://localhost:3000/socket.io/?EIO=3&transport=polling&t=P_jEIDK:0
[ 2077450ms] [ERROR] Failed to load resource: net::ERR_CONNECTION_REFUSED @ http://localhost:3000/socket.io/?EIO=3&transport=polling&t=P_jEJRY:0
[ 2082459ms] [ERROR] Failed to load resource: net::ERR_CONNECTION_REFUSED @ http://localhost:3000/socket.io/?EIO=3&transport=polling&t=P_jEKfp:0
[ 2087465ms] [ERROR] Failed to load resource: net::ERR_CONNECTION_REFUSED @ http://localhost:3000/socket.io/?EIO=3&transport=polling&t=P_jELu2:0
[ 2092472ms] [ERROR] Failed to load resource: net::ERR_CONNECTION_REFUSED @ http://localhost:3000/socket.io/?EIO=3&transport=polling&t=P_jEN6H:0
[ 2097478ms] [ERROR] Failed to load resource: net::ERR_CONNECTION_REFUSED @ http://localhost:3000/socket.io/?EIO=3&transport=polling&t=P_jEOKW:0
[ 2102485ms] [ERROR] Failed to load resource: net::ERR_CONNECTION_REFUSED @ http://localhost:3000/socket.io/?EIO=3&transport=polling&t=P_jEPYk:0
[ 2107491ms] [ERROR] Failed to load resource: net::ERR_CONNECTION_REFUSED @ http://localhost:3000/socket.io/?EIO=3&transport=polling&t=P_jEQmy:0
[ 2112498ms] [ERROR] Failed to load resource: net::ERR_CONNECTION_REFUSED @ http://localhost:3000/socket.io/?EIO=3&transport=polling&t=P_jER_B:0
[ 2117503ms] [ERROR] Failed to load resource: net::ERR_CONNECTION_REFUSED @ http://localhost:3000/socket.io/?EIO=3&transport=polling&t=P_jETDP:0
[ 2122509ms] [ERROR] Failed to load resource: net::ERR_CONNECTION_REFUSED @ http://localhost:3000/socket.io/?EIO=3&transport=polling&t=P_jEURe:0
[ 2127515ms] [ERROR] Failed to load resource: net::ERR_CONNECTION_REFUSED @ http://localhost:3000/socket.io/?EIO=3&transport=polling&t=P_jEVfq:0
[ 2132522ms] [ERROR] Failed to load resource: net::ERR_CONNECTION_REFUSED @ http://localhost:3000/socket.io/?EIO=3&transport=polling&t=P_jEWu3:0
[ 2137537ms] [ERROR] Failed to load resource: net::ERR_CONNECTION_REFUSED @ http://localhost:3000/socket.io/?EIO=3&transport=polling&t=P_jEY6I:0
[ 2142540ms] [ERROR] Failed to load resource: net::ERR_CONNECTION_REFUSED @ http://localhost:3000/socket.io/?EIO=3&transport=polling&t=P_jEZKe:0
[ 2147546ms] [ERROR] Failed to load resource: net::ERR_CONNECTION_REFUSED @ http://localhost:3000/socket.io/?EIO=3&transport=polling&t=P_jEaYp:0
[ 2152552ms] [ERROR] Failed to load resource: net::ERR_CONNECTION_REFUSED @ http://localhost:3000/socket.io/?EIO=3&transport=polling&t=P_jEbn2:0
[ 2157560ms] [ERROR] Failed to load resource: net::ERR_CONNECTION_REFUSED @ http://localhost:3000/socket.io/?EIO=3&transport=polling&t=P_jEc_G:0
[ 2162567ms] [ERROR] Failed to load resource: net::ERR_CONNECTION_REFUSED @ http://localhost:3000/socket.io/?EIO=3&transport=polling&t=P_jEeDW:0
[ 2167574ms] [ERROR] Failed to load resource: net::ERR_CONNECTION_REFUSED @ http://localhost:3000/socket.io/?EIO=3&transport=polling&t=P_jEfRl:0
[ 2172578ms] [ERROR] Failed to load resource: net::ERR_CONNECTION_REFUSED @ http://localhost:3000/socket.io/?EIO=3&transport=polling&t=P_jEgf-:0
[ 2177589ms] [ERROR] Failed to load resource: net::ERR_CONNECTION_REFUSED @ http://localhost:3000/socket.io/?EIO=3&transport=polling&t=P_jEhuA:0
[ 2182595ms] [ERROR] Failed to load resource: net::ERR_CONNECTION_REFUSED @ http://localhost:3000/socket.io/?EIO=3&transport=polling&t=P_jEj6S:0
[ 2187599ms] [ERROR] Failed to load resource: net::ERR_CONNECTION_REFUSED @ http://localhost:3000/socket.io/?EIO=3&transport=polling&t=P_jEkKg:0
[ 2192604ms] [ERROR] Failed to load resource: net::ERR_CONNECTION_REFUSED @ http://localhost:3000/socket.io/?EIO=3&transport=polling&t=P_jElYs:0
[ 2197607ms] [ERROR] Failed to load resource: net::ERR_CONNECTION_REFUSED @ http://localhost:3000/socket.io/?EIO=3&transport=polling&t=P_jEmn3:0
[ 2202613ms] [ERROR] Failed to load resource: net::ERR_CONNECTION_REFUSED @ http://localhost:3000/socket.io/?EIO=3&transport=polling&t=P_jEn_E:0
[ 2207641ms] [ERROR] Failed to load resource: net::ERR_CONNECTION_REFUSED @ http://localhost:3000/socket.io/?EIO=3&transport=polling&t=P_jEpDl:0
[ 2212648ms] [ERROR] Failed to load resource: net::ERR_CONNECTION_REFUSED @ http://localhost:3000/socket.io/?EIO=3&transport=polling&t=P_jEqS1:0
[ 2217655ms] [ERROR] Failed to load resource: net::ERR_CONNECTION_REFUSED @ http://localhost:3000/socket.io/?EIO=3&transport=polling&t=P_jErgF:0
[ 2222658ms] [ERROR] Failed to load resource: net::ERR_CONNECTION_REFUSED @ http://localhost:3000/socket.io/?EIO=3&transport=polling&t=P_jEsuU:0
[ 2227664ms] [ERROR] Failed to load resource: net::ERR_CONNECTION_REFUSED @ http://localhost:3000/socket.io/?EIO=3&transport=polling&t=P_jEu6f:0
[ 2232671ms] [ERROR] Failed to load resource: net::ERR_CONNECTION_REFUSED @ http://localhost:3000/socket.io/?EIO=3&transport=polling&t=P_jEvKu:0
[ 2237677ms] [ERROR] Failed to load resource: net::ERR_CONNECTION_REFUSED @ http://localhost:3000/socket.io/?EIO=3&transport=polling&t=P_jEwZ6:0
[ 2242683ms] [ERROR] Failed to load resource: net::ERR_CONNECTION_REFUSED @ http://localhost:3000/socket.io/?EIO=3&transport=polling&t=P_jExnK:0
[ 2247689ms] [ERROR] Failed to load resource: net::ERR_CONNECTION_REFUSED @ http://localhost:3000/socket.io/?EIO=3&transport=polling&t=P_jEy_Z:0
[ 2252694ms] [ERROR] Failed to load resource: net::ERR_CONNECTION_REFUSED @ http://localhost:3000/socket.io/?EIO=3&transport=polling&t=P_jE-Dl:0
[ 2257698ms] [ERROR] Failed to load resource: net::ERR_CONNECTION_REFUSED @ http://localhost:3000/socket.io/?EIO=3&transport=polling&t=P_jE_Rz:0
[ 2262701ms] [ERROR] Failed to load resource: net::ERR_CONNECTION_REFUSED @ http://localhost:3000/socket.io/?EIO=3&transport=polling&t=P_jF0g9:0
[ 2267706ms] [ERROR] Failed to load resource: net::ERR_CONNECTION_REFUSED @ http://localhost:3000/socket.io/?EIO=3&transport=polling&t=P_jF1uL:0
[ 2272710ms] [ERROR] Failed to load resource: net::ERR_CONNECTION_REFUSED @ http://localhost:3000/socket.io/?EIO=3&transport=polling&t=P_jF36X:0
[ 2277714ms] [ERROR] Failed to load resource: net::ERR_CONNECTION_REFUSED @ http://localhost:3000/socket.io/?EIO=3&transport=polling&t=P_jF4Kj:0
[ 2282721ms] [ERROR] Failed to load resource: net::ERR_CONNECTION_REFUSED @ http://localhost:3000/socket.io/?EIO=3&transport=polling&t=P_jF5Yv:0
[ 2287727ms] [ERROR] Failed to load resource: net::ERR_CONNECTION_REFUSED @ http://localhost:3000/socket.io/?EIO=3&transport=polling&t=P_jF6n8:0
[ 2292734ms] [ERROR] Failed to load resource: net::ERR_CONNECTION_REFUSED @ http://localhost:3000/socket.io/?EIO=3&transport=polling&t=P_jF7_M:0
[ 2297740ms] [ERROR] Failed to load resource: net::ERR_CONNECTION_REFUSED @ http://localhost:3000/socket.io/?EIO=3&transport=polling&t=P_jF9Dc:0
[ 2302748ms] [ERROR] Failed to load resource: net::ERR_CONNECTION_REFUSED @ http://localhost:3000/socket.io/?EIO=3&transport=polling&t=P_jFARq:0
[ 2307754ms] [ERROR] Failed to load resource: net::ERR_CONNECTION_REFUSED @ http://localhost:3000/socket.io/?EIO=3&transport=polling&t=P_jFBg3:0
[ 2312760ms] [ERROR] Failed to load resource: net::ERR_CONNECTION_REFUSED @ http://localhost:3000/socket.io/?EIO=3&transport=polling&t=P_jFCuH:0
[ 2317765ms] [ERROR] Failed to load resource: net::ERR_CONNECTION_REFUSED @ http://localhost:3000/socket.io/?EIO=3&transport=polling&t=P_jFE6V:0
[ 2322772ms] [ERROR] Failed to load resource: net::ERR_CONNECTION_REFUSED @ http://localhost:3000/socket.io/?EIO=3&transport=polling&t=P_jFFKj:0
[ 2327781ms] [ERROR] Failed to load resource: net::ERR_CONNECTION_REFUSED @ http://localhost:3000/socket.io/?EIO=3&transport=polling&t=P_jFGYx:0
[ 2332787ms] [ERROR] Failed to load resource: net::ERR_CONNECTION_REFUSED @ http://localhost:3000/socket.io/?EIO=3&transport=polling&t=P_jFHnD:0
[ 2337792ms] [ERROR] Failed to load resource: net::ERR_CONNECTION_REFUSED @ http://localhost:3000/socket.io/?EIO=3&transport=polling&t=P_jFI_P:0
[ 2342798ms] [ERROR] Failed to load resource: net::ERR_CONNECTION_REFUSED @ http://localhost:3000/socket.io/?EIO=3&transport=polling&t=P_jFKDe:0
[ 2347806ms] [ERROR] Failed to load resource: net::ERR_CONNECTION_REFUSED @ http://localhost:3000/socket.io/?EIO=3&transport=polling&t=P_jFLRs:0
[ 2352812ms] [ERROR] Failed to load resource: net::ERR_CONNECTION_REFUSED @ http://localhost:3000/socket.io/?EIO=3&transport=polling&t=P_jFMg6:0
[ 2357817ms] [ERROR] Failed to load resource: net::ERR_CONNECTION_REFUSED @ http://localhost:3000/socket.io/?EIO=3&transport=polling&t=P_jFNuK:0
[ 2362823ms] [ERROR] Failed to load resource: net::ERR_CONNECTION_REFUSED @ http://localhost:3000/socket.io/?EIO=3&transport=polling&t=P_jFP6W:0
[ 2367831ms] [ERROR] Failed to load resource: net::ERR_CONNECTION_REFUSED @ http://localhost:3000/socket.io/?EIO=3&transport=polling&t=P_jFQKm:0
[ 2372839ms] [ERROR] Failed to load resource: net::ERR_CONNECTION_REFUSED @ http://localhost:3000/socket.io/?EIO=3&transport=polling&t=P_jFRY_:0
[ 2377842ms] [ERROR] Failed to load resource: net::ERR_CONNECTION_REFUSED @ http://localhost:3000/socket.io/?EIO=3&transport=polling&t=P_jFSnE:0
[ 2382859ms] [ERROR] Failed to load resource: the server responded with a status of 500 (Internal Server Error) @ http://localhost:3000/socket.io/?EIO=3&transport=polling&t=P_jFT_P:0
[ 2387867ms] [ERROR] Failed to load resource: the server responded with a status of 500 (Internal Server Error) @ http://localhost:3000/socket.io/?EIO=3&transport=polling&t=P_jFVDq:0
[ 2392879ms] [ERROR] Failed to load resource: the server responded with a status of 500 (Internal Server Error) @ http://localhost:3000/socket.io/?EIO=3&transport=polling&t=P_jFWS3:0
[ 2397885ms] [ERROR] Failed to load resource: the server responded with a status of 500 (Internal Server Error) @ http://localhost:3000/socket.io/?EIO=3&transport=polling&t=P_jFXgN:0
[ 2402897ms] [ERROR] Failed to load resource: the server responded with a status of 500 (Internal Server Error) @ http://localhost:3000/socket.io/?EIO=3&transport=polling&t=P_jFYuc:0
[ 2407908ms] [ERROR] Failed to load resource: the server responded with a status of 500 (Internal Server Error) @ http://localhost:3000/socket.io/?EIO=3&transport=polling&t=P_jFa6w:0
[ 2412920ms] [ERROR] Failed to load resource: the server responded with a status of 500 (Internal Server Error) @ http://localhost:3000/socket.io/?EIO=3&transport=polling&t=P_jFbLC:0
[ 2417932ms] [ERROR] Failed to load resource: the server responded with a status of 500 (Internal Server Error) @ http://localhost:3000/socket.io/?EIO=3&transport=polling&t=P_jFcZX:0
[ 2422943ms] [ERROR] Failed to load resource: the server responded with a status of 500 (Internal Server Error) @ http://localhost:3000/socket.io/?EIO=3&transport=polling&t=P_jFdnq:0
[ 2427956ms] [ERROR] Failed to load resource: the server responded with a status of 500 (Internal Server Error) @ http://localhost:3000/socket.io/?EIO=3&transport=polling&t=P_jFf08:0
[ 2432969ms] [ERROR] Failed to load resource: the server responded with a status of 500 (Internal Server Error) @ http://localhost:3000/socket.io/?EIO=3&transport=polling&t=P_jFgET:0
[ 2437981ms] [ERROR] Failed to load resource: the server responded with a status of 500 (Internal Server Error) @ http://localhost:3000/socket.io/?EIO=3&transport=polling&t=P_jFhSn:0
[ 2442995ms] [ERROR] Failed to load resource: the server responded with a status of 500 (Internal Server Error) @ http://localhost:3000/socket.io/?EIO=3&transport=polling&t=P_jFih6:0
[ 2448007ms] [ERROR] Failed to load resource: the server responded with a status of 500 (Internal Server Error) @ http://localhost:3000/socket.io/?EIO=3&transport=polling&t=P_jFjvR:0
[ 2453019ms] [ERROR] Failed to load resource: the server responded with a status of 500 (Internal Server Error) @ http://localhost:3000/socket.io/?EIO=3&transport=polling&t=P_jFl7l:0
[ 2458032ms] [ERROR] Failed to load resource: the server responded with a status of 500 (Internal Server Error) @ http://localhost:3000/socket.io/?EIO=3&transport=polling&t=P_jFmM4:0
[ 2463043ms] [ERROR] Failed to load resource: the server responded with a status of 500 (Internal Server Error) @ http://localhost:3000/socket.io/?EIO=3&transport=polling&t=P_jFnaN:0
[ 2468055ms] [ERROR] Failed to load resource: the server responded with a status of 500 (Internal Server Error) @ http://localhost:3000/socket.io/?EIO=3&transport=polling&t=P_jFooi:0
[ 2473061ms] [ERROR] Failed to load resource: the server responded with a status of 500 (Internal Server Error) @ http://localhost:3000/socket.io/?EIO=3&transport=polling&t=P_jFq0-:0
[ 2478068ms] [ERROR] Failed to load resource: the server responded with a status of 500 (Internal Server Error) @ http://localhost:3000/socket.io/?EIO=3&transport=polling&t=P_jFrFD:0
[ 2478153ms] [WARNING] Warning: componentWillUpdate has been renamed, and is not recommended for use. See https://fb.me/react-unsafe-component-lifecycles for details.

* Move data fetching code or side effects to componentDidUpdate.
* Rename componentWillUpdate to UNSAFE_componentWillUpdate to suppress this warning in non-strict mode. In React 17.x, only the UNSAFE_ name will work. To rename all deprecated lifecycles to their new names, you can run `npx react-codemod rename-unsafe-lifecycles` in your project source folder.

Please update the following components: %s Login @ http://localhost:3000/static/js/bundle.js:15297
[ 2478267ms] [ERROR] Failed to load resource: the server responded with a status of 403 () @ https://accounts.google.com/gsi/button?theme=outline&size=large&text=continue_with&is_fedcm_supported=true&client_id=887799102851-716lclh5ncg7oju0t4i43moc9hnc40p2.apps.googleusercontent.com&iframe_id=gsi_778359_429741&cas=taOCy9Qsx4AlFO51d%2FlVQYmOeMMqlpWBoL%2Fnf9n%2BxEo:0
[ 2478274ms] [ERROR] [GSI_LOGGER]: The given origin is not allowed for the given client ID. @ https://ssl.gstatic.com/_/gsi/_/js/k=gsi.gsi.en.OJtID4D-rGs.O/am=AAAAAARBmCwI/d=1/rs=AF0KOtUlE6h1EadoIOdPdrBMDGrIrvxZ-w/m=credential_button_library:87
[ 2483073ms] [ERROR] Failed to load resource: the server responded with a status of 500 (Internal Server Error) @ http://localhost:3000/socket.io/?EIO=3&transport=polling&t=P_jFsTS:0
[ 2488081ms] [ERROR] Failed to load resource: the server responded with a status of 500 (Internal Server Error) @ http://localhost:3000/socket.io/?EIO=3&transport=polling&t=P_jFthe:0
[ 2493087ms] [ERROR] Failed to load resource: the server responded with a status of 500 (Internal Server Error) @ http://localhost:3000/socket.io/?EIO=3&transport=polling&t=P_jFuvu:0
[ 2494091ms] [ERROR] Cross-Origin-Opener-Policy policy would block the window.postMessage call. @ https://accounts.google.com/gsi/client:383
[ 2494091ms] [ERROR] Cross-Origin-Opener-Policy policy would block the window.postMessage call. @ https://accounts.google.com/gsi/client:383
[ 2494096ms] [ERROR] Failed to load resource: the server responded with a status of 500 (Internal Server Error) @ http://localhost:3000/venue:0
[ 2494096ms] [LOG] Error: Request failed with status code 500
    at createError (http://localhost:3000/static/js/bundle.js:1632:15)
    at settle (http://localhost:3000/static/js/bundle.js:1798:12)
    at XMLHttpRequest.handleLoad (http://localhost:3000/static/js/bundle.js:1158:7) @ http://localhost:3000/static/js/bundle.js:85360
[ 2498099ms] [ERROR] Failed to load resource: the server responded with a status of 500 (Internal Server Error) @ http://localhost:3000/socket.io/?EIO=3&transport=polling&t=P_jFw87:0
[ 2503105ms] [ERROR] Failed to load resource: the server responded with a status of 500 (Internal Server Error) @ http://localhost:3000/socket.io/?EIO=3&transport=polling&t=P_jFxMR:0
[ 2505994ms] [ERROR] Cross-Origin-Opener-Policy policy would block the window.postMessage call. @ https://accounts.google.com/gsi/client:383
[ 2505994ms] [ERROR] Cross-Origin-Opener-Policy policy would block the window.postMessage call. @ https://accounts.google.com/gsi/client:383
[ 2505999ms] [ERROR] Failed to load resource: the server responded with a status of 500 (Internal Server Error) @ http://localhost:3000/venue:0
[ 2505999ms] [LOG] Error: Request failed with status code 500
    at createError (http://localhost:3000/static/js/bundle.js:1632:15)
    at settle (http://localhost:3000/static/js/bundle.js:1798:12)
    at XMLHttpRequest.handleLoad (http://localhost:3000/static/js/bundle.js:1158:7) @ http://localhost:3000/static/js/bundle.js:85360
[ 2508112ms] [ERROR] Failed to load resource: the server responded with a status of 500 (Internal Server Error) @ http://localhost:3000/socket.io/?EIO=3&transport=polling&t=P_jFyae:0
