[     177ms] [INFO] %cDownload the React DevTools for a better development experience: https://fb.me/react-devtools font-weight:bold @ http://localhost:3000/static/js/bundle.js:40203
[     188ms] [LOG] %c * Tone.js r12-dev *  background: #000; color: #fff @ http://localhost:3000/static/js/bundle.js:60048
[     411ms] [WARNING] The AudioContext was not allowed to start. It must be resumed (or created) after a user gesture on the page. https://developer.chrome.com/blog/autoplay/#web_audio @ http://localhost:3000/static/js/bundle.js:60685
[     440ms] [WARNING] Warning: componentWillMount has been renamed, and is not recommended for use. See https://fb.me/react-unsafe-component-lifecycles for details.

* Move code with side effects to componentDidMount, and set initial state in the constructor.
* Rename componentWillMount to UNSAFE_componentWillMount to suppress this warning in non-strict mode. In React 17.x, only the UNSAFE_ name will work. To rename all deprecated lifecycles to their new names, you can run `npx react-codemod rename-unsafe-lifecycles` in your project source folder.

Please update the following components: %s BrowserRouter, Route, Router, Switch @ http://localhost:3000/static/js/bundle.js:15297
[     440ms] [WARNING] Warning: componentWillReceiveProps has been renamed, and is not recommended for use. See https://fb.me/react-unsafe-component-lifecycles for details.

* Move data fetching code or side effects to componentDidUpdate.
* If you're updating state whenever props change, refactor your code to use memoization techniques or move it to static getDerivedStateFromProps. Learn more at: https://fb.me/react-derived-state
* Rename componentWillReceiveProps to UNSAFE_componentWillReceiveProps to suppress this warning in non-strict mode. In React 17.x, only the UNSAFE_ name will work. To rename all deprecated lifecycles to their new names, you can run `npx react-codemod rename-unsafe-lifecycles` in your project source folder.

Please update the following components: %s Route, Router, Switch @ http://localhost:3000/static/js/bundle.js:15297
[     509ms] [WARNING] Error while trying to use the following icon from the Manifest: http://localhost:3000/favicon.ico (Resource size is not correct - typo in the Manifest?) @ http://localhost:3000/:0
[    1148ms] [WARNING] ./src/App.js
  Line 7:  'io' is defined but never used  no-unused-vars @ http://localhost:3000/static/js/bundle.js:15060
[    1148ms] [WARNING] ./src/components/Login/Login.js
  Line 63:  img elements must have an alt prop, either with meaningful text, or an empty string for decorative images  jsx-a11y/alt-text @ http://localhost:3000/static/js/bundle.js:15060
[    1148ms] [WARNING] ./src/components/Landing/Landing.js
  Line 2:   'API' is defined but never used                                                                            no-unused-vars
  Line 15:  img elements must have an alt prop, either with meaningful text, or an empty string for decorative images  jsx-a11y/alt-text @ http://localhost:3000/static/js/bundle.js:15060
[    1148ms] [WARNING] ./src/components/Venue/Venue.js
  Line 3:  'API' is defined but never used  no-unused-vars @ http://localhost:3000/static/js/bundle.js:15060
[    1148ms] [WARNING] ./src/components/Venue/Stage/Stage.js
  Line 4:  'audioURLS' is assigned a value but never used  no-unused-vars @ http://localhost:3000/static/js/bundle.js:15060
[    1148ms] [WARNING] There were more warnings in other files.
You can find a complete log in the terminal. @ http://localhost:3000/static/js/bundle.js:15054
[  240500ms] [ERROR] WebSocket connection to 'ws://localhost:3000/socket.io/?EIO=3&transport=websocket&sid=RxEi9teWXtOPgGhVAAAC' failed: WebSocket opening handshake timed out @ http://localhost:3000/static/js/bundle.js:8091
[  240504ms] [ERROR] WebSocket connection to 'ws://localhost:3000/sockjs-node/854/xwoty4ct/websocket' failed: WebSocket opening handshake timed out @ http://localhost:3000/static/js/bundle.js:56426
[ 1679958ms] [WARNING] ./src/App.js
  Line 7:  'io' is defined but never used  no-unused-vars @ http://localhost:3000/static/js/bundle.js:15060
[ 1679958ms] [WARNING] ./src/components/Landing/Landing.js
  Line 2:   'API' is defined but never used                                                                            no-unused-vars
  Line 15:  img elements must have an alt prop, either with meaningful text, or an empty string for decorative images  jsx-a11y/alt-text @ http://localhost:3000/static/js/bundle.js:15060
[ 1679958ms] [WARNING] ./src/components/Login/Login.js
  Line 63:  img elements must have an alt prop, either with meaningful text, or an empty string for decorative images  jsx-a11y/alt-text @ http://localhost:3000/static/js/bundle.js:15060
[ 1679958ms] [WARNING] ./src/components/Venue/Venue.js
  Line 3:  'API' is defined but never used  no-unused-vars @ http://localhost:3000/static/js/bundle.js:15060
[ 1679958ms] [WARNING] ./src/components/Venue/Stage/Stage.js
  Line 4:  'audioURLS' is assigned a value but never used  no-unused-vars @ http://localhost:3000/static/js/bundle.js:15060
[ 1679958ms] [WARNING] There were more warnings in other files.
You can find a complete log in the terminal. @ http://localhost:3000/static/js/bundle.js:15054
