[      14ms] [INFO] %cDownload the React DevTools for a better development experience: https://fb.me/react-devtools font-weight:bold @ http://localhost:3000/static/js/bundle.js:40203
[      15ms] [LOG] %c * Tone.js r12-dev *  background: #000; color: #fff @ http://localhost:3000/static/js/bundle.js:60048
[      36ms] [WARNING] The AudioContext was not allowed to start. It must be resumed (or created) after a user gesture on the page. https://developer.chrome.com/blog/autoplay/#web_audio @ http://localhost:3000/static/js/bundle.js:60685
[      51ms] [WARNING] Warning: componentWillMount has been renamed, and is not recommended for use. See https://fb.me/react-unsafe-component-lifecycles for details.

* Move code with side effects to componentDidMount, and set initial state in the constructor.
* Rename componentWillMount to UNSAFE_componentWillMount to suppress this warning in non-strict mode. In React 17.x, only the UNSAFE_ name will work. To rename all deprecated lifecycles to their new names, you can run `npx react-codemod rename-unsafe-lifecycles` in your project source folder.

Please update the following components: %s BrowserRouter, Route, Router, Switch @ http://localhost:3000/static/js/bundle.js:15297
[      51ms] [WARNING] Warning: componentWillReceiveProps has been renamed, and is not recommended for use. See https://fb.me/react-unsafe-component-lifecycles for details.

* Move data fetching code or side effects to componentDidUpdate.
* If you're updating state whenever props change, refactor your code to use memoization techniques or move it to static getDerivedStateFromProps. Learn more at: https://fb.me/react-derived-state
* Rename componentWillReceiveProps to UNSAFE_componentWillReceiveProps to suppress this warning in non-strict mode. In React 17.x, only the UNSAFE_ name will work. To rename all deprecated lifecycles to their new names, you can run `npx react-codemod rename-unsafe-lifecycles` in your project source folder.

Please update the following components: %s Route, Router, Switch @ http://localhost:3000/static/js/bundle.js:15297
[     101ms] [WARNING] Error while trying to use the following icon from the Manifest: http://localhost:3000/favicon.ico (Resource size is not correct - typo in the Manifest?) @ http://localhost:3000/:0
[     728ms] [WARNING] ./src/App.js
  Line 7:  'io' is defined but never used  no-unused-vars @ http://localhost:3000/static/js/bundle.js:15060
[     728ms] [WARNING] ./src/components/Venue/Venue.js
  Line 3:  'API' is defined but never used  no-unused-vars @ http://localhost:3000/static/js/bundle.js:15060
[     728ms] [WARNING] ./src/components/Landing/Landing.js
  Line 2:   'API' is defined but never used                                                                            no-unused-vars
  Line 15:  img elements must have an alt prop, either with meaningful text, or an empty string for decorative images  jsx-a11y/alt-text @ http://localhost:3000/static/js/bundle.js:15060
[     728ms] [WARNING] ./src/components/Venue/Stage/Stage.js
  Line 4:  'audioURLS' is assigned a value but never used  no-unused-vars @ http://localhost:3000/static/js/bundle.js:15060
[     728ms] [WARNING] ./src/components/Venue/Stage/Instruments/Instrument.js
  Line 40:  Expected an assignment or function call and instead saw an expression  no-unused-expressions @ http://localhost:3000/static/js/bundle.js:15060
[     728ms] [WARNING] There were more warnings in other files.
You can find a complete log in the terminal. @ http://localhost:3000/static/js/bundle.js:15054
[   39053ms] [WARNING] Warning: componentWillUpdate has been renamed, and is not recommended for use. See https://fb.me/react-unsafe-component-lifecycles for details.

* Move data fetching code or side effects to componentDidUpdate.
* Rename componentWillUpdate to UNSAFE_componentWillUpdate to suppress this warning in non-strict mode. In React 17.x, only the UNSAFE_ name will work. To rename all deprecated lifecycles to their new names, you can run `npx react-codemod rename-unsafe-lifecycles` in your project source folder.

Please update the following components: %s Login @ http://localhost:3000/static/js/bundle.js:15297
[   39194ms] [ERROR] Failed to load resource: the server responded with a status of 403 () @ https://accounts.google.com/gsi/button?theme=outline&size=large&text=continue_with&is_fedcm_supported=true&client_id=887799102851-716lclh5ncg7oju0t4i43moc9hnc40p2.apps.googleusercontent.com&iframe_id=gsi_83294_216969&cas=wht6YO98ljZs7roaItMO%2FWrX9j%2FjVGTltua27%2BUdL%2BQ:0
[   39199ms] [ERROR] [GSI_LOGGER]: The given origin is not allowed for the given client ID. @ https://ssl.gstatic.com/_/gsi/_/js/k=gsi.gsi.en.OJtID4D-rGs.O/am=AAAAAARBmCwI/d=1/rs=AF0KOtUlE6h1EadoIOdPdrBMDGrIrvxZ-w/m=credential_button_library:87
[   77483ms] [INFO] The development server has disconnected.
Refresh the page if necessary. @ http://localhost:3000/static/js/bundle.js:14998
[   77495ms] [ERROR] WebSocket connection to 'ws://localhost:3000/socket.io/?EIO=3&transport=websocket&sid=unc5pgDSp9P8uAbMAAAE' failed: Connection closed before receiving a handshake response @ http://localhost:3000/static/js/bundle.js:8091
[   77495ms] [ERROR] Failed to load resource: net::ERR_EMPTY_RESPONSE @ http://localhost:3000/socket.io/?EIO=3&transport=polling&t=P_jH8W5&sid=unc5pgDSp9P8uAbMAAAE:0
[   77497ms] [ERROR] Failed to load resource: net::ERR_CONNECTION_REFUSED @ http://localhost:3000/socket.io/?EIO=3&transport=polling&t=P_jH95b&sid=unc5pgDSp9P8uAbMAAAE:0
[   77507ms] [ERROR] WebSocket connection to 'ws://localhost:3000/sockjs-node/327/uo3t2e2z/websocket' failed: Error in connection establishment: net::ERR_CONNECTION_REFUSED @ http://localhost:3000/static/js/bundle.js:56426
[   78359ms] [ERROR] Failed to load resource: net::ERR_CONNECTION_REFUSED @ http://localhost:3000/socket.io/?EIO=3&transport=polling&t=P_jH9J1:0
[   79511ms] [ERROR] Failed to load resource: net::ERR_CONNECTION_REFUSED @ http://localhost:3000/socket.io/?EIO=3&transport=polling&t=P_jH9b4:0
[   84516ms] [ERROR] Failed to load resource: net::ERR_CONNECTION_REFUSED @ http://localhost:3000/socket.io/?EIO=3&transport=polling&t=P_jHApF:0
[   89522ms] [ERROR] Failed to load resource: net::ERR_CONNECTION_REFUSED @ http://localhost:3000/socket.io/?EIO=3&transport=polling&t=P_jHC1R:0
[   94528ms] [ERROR] Failed to load resource: net::ERR_CONNECTION_REFUSED @ http://localhost:3000/socket.io/?EIO=3&transport=polling&t=P_jHDFf:0
[   99534ms] [ERROR] Failed to load resource: net::ERR_CONNECTION_REFUSED @ http://localhost:3000/socket.io/?EIO=3&transport=polling&t=P_jHETu:0
[  104537ms] [ERROR] Failed to load resource: net::ERR_CONNECTION_REFUSED @ http://localhost:3000/socket.io/?EIO=3&transport=polling&t=P_jHFi6:0
[  109542ms] [ERROR] Failed to load resource: net::ERR_CONNECTION_REFUSED @ http://localhost:3000/socket.io/?EIO=3&transport=polling&t=P_jHGwG:0
[  114546ms] [ERROR] Failed to load resource: net::ERR_CONNECTION_REFUSED @ http://localhost:3000/socket.io/?EIO=3&transport=polling&t=P_jHI8T:0
[  119549ms] [ERROR] Failed to load resource: net::ERR_CONNECTION_REFUSED @ http://localhost:3000/socket.io/?EIO=3&transport=polling&t=P_jHJMe:0
[  124556ms] [ERROR] Failed to load resource: net::ERR_CONNECTION_REFUSED @ http://localhost:3000/socket.io/?EIO=3&transport=polling&t=P_jHKar:0
